[dotenv@17.3.1] injecting env (11) from .env -- tip: ≡ƒ¢í∩╕Å auth for agents: https://vestauth.com

============================================================
≡ƒöì KIß╗éM TRA Kß║╛T Nß╗ÉI GOOGLE BUSINESS PROFILE API
============================================================

≡ƒôª [STEP 1] Kß║┐t nß╗æi MongoDB lß║Ñy Access Token...
   Γ£à MongoDB OK
   Γ£à Tokens t├¼m thß║Ñy trong DB
   ≡ƒôï Access Token (10 k├╜ tß╗▒ ─æß║ºu): ya29.a0ATk...
   ≡ƒôï Refresh Token exists: true
   ≡ƒôï Expiry date: 09:44:15 17/3/2026
   ≡ƒôï Token hß║┐t hß║ín ch╞░a: Γ£à CH╞»A

≡ƒôí [STEP 2] Gß╗ìi Account Management API...
   URL: https://mybusinessaccountmanagement.googleapis.com/v1/accounts
node :    Γ¥î HTTP Status: 
429
At line:1 char:1
+ node 
test-api-connection.js > 
test-result.txt 2>&1
+ ~~~~~~~~~~~~~~~~~~~~~~~~~
~~~~~~~~~~~~~~~~~~~~~~~~~
    + CategoryInfo         
     : NotSpecified: (     
  Γ¥î HTTP Status: 429:S   
 tring) [], RemoteExcep    
tion
    + FullyQualifiedErrorI 
   d : NativeCommandError
 
   Γ¥î Error: Quota 
exceeded for quota metric 
'Requests' and limit 
'Requests per minute' of 
service 'mybusinessaccountm
anagement.googleapis.com' 
for consumer 'project_numbe
r:477136641409'.
   ≡ƒôï Error Details: {
  "error": {
    "code": 429,
    "message": "Quota 
exceeded for quota metric 
'Requests' and limit 
'Requests per minute' of 
service 'mybusinessaccountm
anagement.googleapis.com' 
for consumer 'project_numbe
r:477136641409'.",
    "errors": [
      {
        "message": "Quota 
exceeded for quota metric 
'Requests' and limit 
'Requests per minute' of 
service 'mybusinessaccountm
anagement.googleapis.com' 
for consumer 'project_numbe
r:477136641409'.",
        "domain": "global",
        "reason": 
"rateLimitExceeded"
      }
    ],
    "status": 
"RESOURCE_EXHAUSTED",
    "details": [
      {
        "@type": "type.goog
leapis.com/google.rpc.Error
Info",
        "reason": 
"RATE_LIMIT_EXCEEDED",
        "domain": 
"googleapis.com",
        "metadata": {

≡ƒôª [STEP 4] Kiß╗âm tra Location trong MongoDB...
          
"quota_location": "global",
          "quota_limit": "D
efaultRequestsPerMinutePerP
roject",
          "quota_metric": "
mybusinessaccountmanagement
.googleapis.com/default_req
uests",
          "service": "mybus
inessaccountmanagement.goog
leapis.com",
          "consumer": 
"projects/477136641409",
          "quota_unit": 
"1/min/{project}",
          
"quota_limit_value": "0"
        }
      },
      {
        "@type": "type.goog
leapis.com/google.rpc.Help"
,
        "links": [
          {
            "description": 
"Request a higher quota 
limit.",
            "url": "https:/
/cloud.google.com/docs/quot
as/help/request_increase"
          }
        ]
      }
    ]
  }
}
   ≡ƒôï C├│ 5 chi nh├ính trong DB:
   1. [locations/12350852608214864954] - "C├┤ng ty Mß║»t B├úo chi nh├ính H├á Nß╗Öi"
   2. [locations/12685748257313196631] - "C├┤ng ty Cß╗ò phß║ºn Mß║»t B├úo"
   3. [locations/17220004812936389247] - "Matbao-invoice"
   4. [mock_loc_001] - "Chi nh├ính Demo (Test)"
   5. [mock_loc_002] - "Cß╗¡a h├áng trung t├óm"

============================================================
≡ƒÅü KIß╗éM TRA HO├ÇN Tß║ñT
============================================================

